2025-08-02 21:13:14,839 - MedicalDiagnosisAgentSystem - INFO - 🤖 Initializing medical diagnosis agents...
2025-08-02 21:13:14,906 - MedicalDiagnosisAgentSystem - INFO - ✅ All agents initialized
2025-08-02 21:13:14,906 - MedicalDiagnosisAgentSystem - INFO - 🔄 Setting up diagnosis workflow...
2025-08-02 21:13:14,918 - MedicalDiagnosisAgentSystem - INFO - ✅ Workflow setup complete

2025-08-02 21:15:34,783 - MedicalDiagnosisAgentSystem - INFO - 🩺 Starting medical diagnosis for: magnesium excitory causes extreme anxiety after ta...
2025-08-02 21:15:34,788 - MedicalDiagnosisAgentSystem - INFO - Executing Step 1: Initial Assessment
2025-08-02 21:15:41,165 - MedicalDiagnosisAgentSystem - INFO - Executing Step 2: Information Gathering
2025-08-02 21:15:42,252 - MedicalDiagnosisAgentSystem - INFO - Generated Search Queries: ['anxiety related to magnesium deficiency', 'symptoms of magnesium deficiency anxiety', 'magnesium deficiency and mental health', 'anxiety disorders caused by nutritional deficiencies']
2025-08-02 21:15:42,252 - MedicalDiagnosisAgentSystem - INFO - Retrieved 0 documents from the knowledge base.
2025-08-02 21:15:42,253 - MedicalDiagnosisAgentSystem - INFO - Executing Step 3: Hypothesis Generation
2025-08-02 21:15:43,915 - MedicalDiagnosisAgentSystem - INFO - Generated Differential Diagnosis: {'hypotheses': [{'condition': 'Magnesium toxicity', 'probability': 0.7, 'reasoning': 'The patient reports extreme anxiety after taking magnesium, suggesting a possible adverse reaction or overdose leading to magnesium toxicity. Although anxiety is not a typical symptom, individual reactions can vary.'}, {'condition': 'Anxiety disorder', 'probability': 0.3, 'reasoning': "While the onset of anxiety is linked to magnesium intake, it's possible the patient has an underlying anxiety disorder that is coincidental. Without more information, this remains a possibility."}]}
2025-08-02 21:15:43,916 - MedicalDiagnosisAgentSystem - INFO - Executing Step 4: Clarifying Questions
2025-08-02 21:15:45,489 - MedicalDiagnosisAgentSystem - INFO - Generated Clarifying Questions: {'questions': [{'question': 'Besides anxiety, have you experienced any other symptoms since taking magnesium, such as nausea, vomiting, diarrhea, muscle weakness, or difficulty breathing?', 'reasoning': 'These are common symptoms of magnesium toxicity and would help differentiate it from a primary anxiety disorder.'}, {'question': 'How long after taking the magnesium did the anxiety start?', 'reasoning': 'The timing of the anxiety onset in relation to magnesium intake is crucial. A rapid onset strongly suggests magnesium as the cause.'}]}
2025-08-02 21:15:45,489 - MedicalDiagnosisAgentSystem - INFO - Simulated User Answers: {'Besides anxiety, have you experienced any other symptoms since taking magnesium, such as nausea, vomiting, diarrhea, muscle weakness, or difficulty breathing?': 'Simulated answer 1', 'How long after taking the magnesium did the anxiety start?': 'Simulated answer 2'}
2025-08-02 21:15:45,490 - MedicalDiagnosisAgentSystem - INFO - Executing Step 5: Hypothesis Refinement
2025-08-02 21:15:47,250 - MedicalDiagnosisAgentSystem - INFO - Refined Diagnosis: {'hypotheses': [{'condition': 'Magnesium toxicity', 'probability': 0.7, 'reasoning': 'The patient reports extreme anxiety after taking magnesium, suggesting a possible adverse reaction or overdose leading to magnesium toxicity. Although anxiety is not a typical symptom, individual reactions can vary.'}, {'condition': 'Anxiety disorder', 'probability': 0.3, 'reasoning': "While the onset of anxiety is linked to magnesium intake, it's possible the patient has an underlying anxiety disorder that is coincidental. Without more information, this remains a possibility."}], 'refinement_summary': "The patient's answers are not useful for refining the differential diagnosis, as they are simulated and do not provide specific details about symptoms or the timing of anxiety onset. Therefore, the probabilities remain unchanged."}
2025-08-02 21:15:47,251 - MedicalDiagnosisAgentSystem - INFO - Executing Step 6: Final Diagnosis
2025-08-02 21:15:48,684 - MedicalDiagnosisAgentSystem - INFO - Final Diagnosis: {'primary_diagnosis': 'Magnesium toxicity', 'confidence_score': 0.7, 'final_summary': 'The patient presented with extreme anxiety after taking magnesium. While anxiety is not a typical symptom of magnesium toxicity, the temporal relationship suggests a possible adverse reaction or overdose. Although an underlying anxiety disorder is possible, the timing of symptom onset makes magnesium toxicity the more probable diagnosis in this scenario.', 'next_steps': ['Consult a doctor for a formal diagnosis and bloodwork to check magnesium levels.', 'Discontinue magnesium supplementation immediately.', 'Monitor symptoms and seek immediate medical attention if they worsen.'], 'disclaimer': 'This is an AI-generated assessment and should not be considered a substitute for professional medical advice. Always consult with a qualified healthcare provider for diagnosis and treatment.'} with confidence 0.7
2025-08-02 21:15:48,685 - MedicalDiagnosisAgentSystem - INFO - Executing Step 7: Treatment Plan
2025-08-02 21:15:50,528 - MedicalDiagnosisAgentSystem - INFO - Generated Treatment Plan: {'condition': 'Magnesium Toxicity', 'suggestions': [{'suggestion': 'Discontinue magnesium supplementation immediately.', 'category': 'Lifestyle'}, {'suggestion': 'Monitor symptoms for any changes or worsening.', 'category': 'Monitoring'}, {'suggestion': 'Consult a doctor for a formal diagnosis and bloodwork to check magnesium levels.', 'category': 'When to See a Doctor'}, {'suggestion': 'Seek immediate medical attention if symptoms worsen significantly or if new symptoms develop.', 'category': 'When to See a Doctor'}], 'important_note': 'This information is intended as a general guide and does not replace a consultation with a healthcare professional. Always consult with a doctor for a personalized treatment plan.'}
2025-08-02 21:15:50,529 - MedicalDiagnosisAgentSystem - INFO - ✅ Diagnosis workflow completed
