2025-08-02 20:53:29,765 - MedicalDiagnosisAgentSystem - INFO - 🤖 Initializing medical diagnosis agents...
2025-08-02 20:53:29,863 - MedicalDiagnosisAgentSystem - INFO - ✅ All agents initialized
2025-08-02 20:53:29,863 - MedicalDiagnosisAgentSystem - INFO - 🔄 Setting up diagnosis workflow...
2025-08-02 20:53:29,876 - MedicalDiagnosisAgentSystem - INFO - ✅ Workflow setup complete

2025-08-02 20:54:01,613 - MedicalDiagnosisAgentSystem - INFO - 🩺 Starting medical diagnosis for: Immune hypersensitivity  with magnesium
...
2025-08-02 20:54:02,303 - MedicalDiagnosisAgentSystem - INFO - Executing Step 1: Initial Assessment
2025-08-02 20:54:03,397 - MedicalDiagnosisAgentSystem - INFO - Executing Step 2: Information Gathering
2025-08-02 20:54:04,427 - MedicalDiagnosisAgentSystem - INFO - Generated Search Queries: ['Immune hypersensitivity causes', 'Immune hypersensitivity and magnesium', 'Immune hypersensitivity symptoms', 'Immune hypersensitivity diagnosis']
2025-08-02 20:54:04,427 - MedicalDiagnosisAgentSystem - INFO - Retrieved 0 documents from the knowledge base.
2025-08-02 20:54:04,429 - MedicalDiagnosisAgentSystem - INFO - Executing Step 3: Hypothesis Generation
2025-08-02 20:54:06,052 - MedicalDiagnosisAgentSystem - INFO - Generated Differential Diagnosis: {'hypotheses': [{'condition': 'Immune hypersensitivity due to magnesium excess', 'probability': 0.6, 'reasoning': 'Magnesium is known to affect immune function, and excess levels could potentially lead to hypersensitivity reactions in susceptible individuals. The patient reports immune hypersensitivity and mentions magnesium, making this a plausible connection.'}, {'condition': 'Other immune hypersensitivity condition', 'probability': 0.4, 'reasoning': 'The patient reports immune hypersensitivity, which could be due to a variety of other causes not directly related to magnesium. Further investigation would be needed to determine the specific underlying condition.'}]}
2025-08-02 20:54:06,053 - MedicalDiagnosisAgentSystem - INFO - Executing Step 4: Clarifying Questions
2025-08-02 20:54:07,030 - MedicalDiagnosisAgentSystem - INFO - Generated Clarifying Questions: {'questions': [{'question': 'Have you had any recent blood tests to check your magnesium levels?', 'reasoning': 'This helps determine if there is evidence of actual magnesium excess, supporting the first hypothesis.'}, {'question': 'Can you describe the specific symptoms of your immune hypersensitivity?', 'reasoning': 'Understanding the specific symptoms can help differentiate between different types of hypersensitivity reactions and potentially point to other underlying causes.'}]}
2025-08-02 20:54:07,030 - MedicalDiagnosisAgentSystem - INFO - Simulated User Answers: {'Have you had any recent blood tests to check your magnesium levels?': 'Simulated answer 1', 'Can you describe the specific symptoms of your immune hypersensitivity?': 'Simulated answer 2'}
2025-08-02 20:54:07,031 - MedicalDiagnosisAgentSystem - INFO - Executing Step 5: Hypothesis Refinement
2025-08-02 20:54:08,461 - MedicalDiagnosisAgentSystem - INFO - Refined Diagnosis: {'hypotheses': [{'condition': 'Immune hypersensitivity due to magnesium excess', 'probability': 0.6, 'reasoning': 'Magnesium is known to affect immune function, and excess levels could potentially lead to hypersensitivity reactions in susceptible individuals. The patient reports immune hypersensitivity and mentions magnesium, making this a plausible connection.'}, {'condition': 'Other immune hypersensitivity condition', 'probability': 0.4, 'reasoning': 'The patient reports immune hypersensitivity, which could be due to a variety of other causes not directly related to magnesium. Further investigation would be needed to determine the specific underlying condition.'}], 'refinement_summary': "The patient's answers are not specific enough to change the probabilities of the hypotheses."}
2025-08-02 20:54:08,462 - MedicalDiagnosisAgentSystem - INFO - Executing Step 6: Final Diagnosis
2025-08-02 20:54:10,356 - MedicalDiagnosisAgentSystem - INFO - Final Diagnosis: {'primary_diagnosis': 'Immune hypersensitivity due to magnesium excess', 'confidence_score': 0.6, 'final_summary': 'Based on the information provided, the most likely condition is Immune hypersensitivity due to magnesium excess. The patient reported symptoms of immune hypersensitivity and mentioned magnesium intake, which can potentially lead to such reactions. While other immune hypersensitivity conditions are possible, the provided information makes magnesium excess the slightly more probable cause.', 'next_steps': ['Consult a doctor for a formal diagnosis and further evaluation.', 'Discuss magnesium intake with your doctor.', 'Undergo necessary tests to confirm magnesium levels and assess immune function.', 'Monitor symptoms and report any changes to your doctor.'], 'disclaimer': 'This is an AI-generated assessment and should not be considered a substitute for professional medical advice. A qualified healthcare provider should be consulted for any health concerns or before making any decisions related to your health or treatment.'} with confidence 0.6
2025-08-02 20:54:10,357 - MedicalDiagnosisAgentSystem - INFO - Executing Step 7: Treatment Plan
2025-08-02 20:54:12,348 - MedicalDiagnosisAgentSystem - INFO - Generated Treatment Plan: {'condition': 'Immune hypersensitivity due to magnesium excess', 'suggestions': [{'suggestion': 'Maintain a balanced diet and avoid excessive intake of magnesium-rich foods or supplements.', 'category': 'Lifestyle'}, {'suggestion': 'Monitor your symptoms and keep a record of their frequency and intensity.', 'category': 'Home Care'}, {'suggestion': 'Stay hydrated by drinking plenty of water to help your body eliminate excess magnesium.', 'category': 'Home Care'}, {'suggestion': 'Consult your doctor to discuss your magnesium intake and potential adjustments.', 'category': 'When to See a Doctor'}, {'suggestion': 'Seek medical attention if you experience severe allergic reactions, such as difficulty breathing or swelling of the face, lips, or tongue.', 'category': 'When to See a Doctor'}, {'suggestion': 'Keep a journal of your symptoms and any potential triggers you identify.', 'category': 'Monitoring'}], 'important_note': 'This information is intended as a general guide and does not replace a consultation with a healthcare professional. Always consult with your doctor for personalized medical advice and treatment.'}
2025-08-02 20:54:12,349 - MedicalDiagnosisAgentSystem - INFO - ✅ Diagnosis workflow completed
