2025-08-01 03:25:54,406 - MedicalDiagnosisAgentSystem - INFO - 🤖 Initializing medical diagnosis agents...
2025-08-01 03:25:54,474 - MedicalDiagnosisAgentSystem - INFO - ✅ All agents initialized
2025-08-01 03:25:54,474 - MedicalDiagnosisAgentSystem - INFO - 🔄 Setting up diagnosis workflow...
2025-08-01 03:25:54,486 - MedicalDiagnosisAgentSystem - INFO - ✅ Workflow setup complete

2025-08-01 03:29:59,310 - MedicalDiagnosisAgentSystem - INFO - 🩺 Starting medical diagnosis for: DRESS treatment
...
2025-08-01 03:29:59,315 - MedicalDiagnosisAgentSystem - INFO - Executing Step 1: Initial Assessment
2025-08-01 03:30:00,400 - MedicalDiagnosisAgentSystem - INFO - Executing Step 2: Information Gathering
2025-08-01 03:30:01,421 - MedicalDiagnosisAgentSystem - INFO - Generated Search Queries: ['causes of unexplained symptoms', 'diagnostic criteria for conditions with no specific symptoms', 'initial assessment for patients with vague complaints', 'undiagnosed medical conditions', 'evaluation of non-specific symptoms']
2025-08-01 03:30:01,422 - MedicalDiagnosisAgentSystem - INFO - Retrieved 0 documents from the knowledge base.
2025-08-01 03:30:01,422 - MedicalDiagnosisAgentSystem - INFO - Executing Step 3: Hypothesis Generation
2025-08-01 03:30:02,958 - MedicalDiagnosisAgentSystem - INFO - Generated Differential Diagnosis: {'hypotheses': [{'condition': 'Drug Reaction with Eosinophilia and Systemic Symptoms (DRESS)', 'probability': 0.8, 'reasoning': "The patient's information request is specifically about DRESS treatment, suggesting a high likelihood that the patient is either diagnosed with or suspected of having DRESS."}, {'condition': 'Other Drug-Related Adverse Reaction', 'probability': 0.2, 'reasoning': 'While DRESS is specifically mentioned, it is possible the patient is experiencing another type of adverse drug reaction. Without more information, this remains a possibility, albeit less likely.'}]}
2025-08-01 03:30:02,959 - MedicalDiagnosisAgentSystem - INFO - Executing Step 4: Clarifying Questions
2025-08-01 03:30:04,083 - MedicalDiagnosisAgentSystem - INFO - Generated Clarifying Questions: {'questions': [{'question': 'Have you recently started any new medications, including over-the-counter drugs or supplements?', 'reasoning': 'This helps to confirm if a drug reaction is the cause, and to identify the specific drug potentially responsible.'}, {'question': 'Have you noticed any skin rash, fever, or swollen lymph nodes?', 'reasoning': 'These are common symptoms of DRESS and would help differentiate it from other adverse drug reactions.'}]}
2025-08-01 03:30:04,083 - MedicalDiagnosisAgentSystem - INFO - Simulated User Answers: {'Have you recently started any new medications, including over-the-counter drugs or supplements?': 'Simulated answer 1', 'Have you noticed any skin rash, fever, or swollen lymph nodes?': 'Simulated answer 2'}
2025-08-01 03:30:04,084 - MedicalDiagnosisAgentSystem - INFO - Executing Step 5: Hypothesis Refinement
2025-08-01 03:30:05,517 - MedicalDiagnosisAgentSystem - INFO - Refined Diagnosis: {'hypotheses': [{'condition': 'Drug Reaction with Eosinophilia and Systemic Symptoms (DRESS)', 'probability': 0.8, 'reasoning': "The patient's information request is specifically about DRESS treatment, suggesting a high likelihood that the patient is either diagnosed with or suspected of having DRESS."}, {'condition': 'Other Drug-Related Adverse Reaction', 'probability': 0.2, 'reasoning': 'While DRESS is specifically mentioned, it is possible the patient is experiencing another type of adverse drug reaction. Without more information, this remains a possibility, albeit less likely.'}], 'refinement_summary': 'No new information was provided, so the probabilities remain the same.'}
2025-08-01 03:30:05,518 - MedicalDiagnosisAgentSystem - INFO - Executing Step 6: Final Diagnosis
2025-08-01 03:30:07,567 - MedicalDiagnosisAgentSystem - INFO - Final Diagnosis: {'primary_diagnosis': 'Drug Reaction with Eosinophilia and Systemic Symptoms (DRESS)', 'confidence_score': 0.8, 'final_summary': "Based on the information provided, the most likely diagnosis is Drug Reaction with Eosinophilia and Systemic Symptoms (DRESS). This conclusion is based on the patient's direct inquiry about DRESS treatment, which significantly raises the probability of this condition being present. While other drug-related adverse reactions are possible, the focus on DRESS in the initial query makes it the most probable diagnosis.", 'next_steps': ['Consult a doctor for a formal diagnosis and treatment plan.', 'Disclose all medications and supplements you are currently taking to your doctor.', 'Undergo a thorough physical examination and any necessary lab tests as recommended by your doctor.'], 'disclaimer': 'This is an AI-generated assessment and should not be considered a substitute for professional medical advice. Always consult with a qualified healthcare provider for diagnosis and treatment.'} with confidence 0.8
2025-08-01 03:30:07,568 - MedicalDiagnosisAgentSystem - INFO - Executing Step 7: Treatment Plan
2025-08-01 03:30:09,614 - MedicalDiagnosisAgentSystem - INFO - Generated Treatment Plan: {'condition': 'Drug Reaction with Eosinophilia and Systemic Symptoms (DRESS)', 'suggestions': [{'suggestion': 'Avoid the suspected causative drug and any related substances.', 'category': 'Lifestyle'}, {'suggestion': 'Monitor your symptoms, including fever, rash, and any signs of organ involvement.', 'category': 'Home Care'}, {'suggestion': 'Seek immediate medical attention if you experience difficulty breathing, chest pain, or severe skin reactions.', 'category': 'When to See a Doctor'}, {'suggestion': "Stay hydrated and maintain a balanced diet to support your body's recovery.", 'category': 'Lifestyle'}, {'suggestion': 'Keep a record of all medications and supplements you are taking, and share this information with your doctor.', 'category': 'Monitoring'}], 'important_note': 'This information is intended as a general guide and does not replace the need for consultation with a qualified healthcare professional. It is essential to seek medical advice for proper diagnosis and personalized treatment.'}
2025-08-01 03:30:09,615 - MedicalDiagnosisAgentSystem - INFO - ✅ Diagnosis workflow completed
