2025-07-29 04:21:27,121 - MedicalDiagnosisAgentSystem - INFO - 🤖 Initializing medical diagnosis agents...
2025-07-29 04:21:27,188 - MedicalDiagnosisAgentSystem - INFO - ✅ All agents initialized
2025-07-29 04:21:27,188 - MedicalDiagnosisAgentSystem - INFO - 🔄 Setting up diagnosis workflow...
2025-07-29 04:21:27,200 - MedicalDiagnosisAgentSystem - INFO - ✅ Workflow setup complete

2025-07-29 04:22:04,077 - MedicalDiagnosisAgentSystem - INFO - 🩺 Starting medical diagnosis for: i have extreme anxiety. agter using lamotrigine an...
2025-07-29 04:22:04,082 - MedicalDiagnosisAgentSystem - INFO - Executing Step 1: Initial Assessment
2025-07-29 04:22:05,234 - MedicalDiagnosisAgentSystem - INFO - Executing Step 2: Information Gathering
2025-07-29 04:22:06,401 - MedicalDiagnosisAgentSystem - INFO - Generated Search Queries: ['extreme anxiety sensitivity to medications', 'alternative treatments for anxiety medication sensitivity', 'anxiety management without medication', 'lamotrigine sensitivity anxiety']
2025-07-29 04:22:06,402 - MedicalDiagnosisAgentSystem - INFO - Retrieved 0 documents from the knowledge base.
2025-07-29 04:22:06,403 - MedicalDiagnosisAgentSystem - INFO - Executing Step 3: Hypothesis Generation
2025-07-29 04:22:08,102 - MedicalDiagnosisAgentSystem - INFO - Generated Differential Diagnosis: {'hypotheses': [{'condition': 'Anxiety Disorder', 'probability': 0.8, 'reasoning': 'The patient reports extreme anxiety, which is the primary symptom of anxiety disorders. Given the sensitivity to medications like lamotrigine, and the explicit statement that the patient cannot use medication for anxiety, this suggests a need to explore non-pharmacological interventions for managing the anxiety.'}, {'condition': 'Medication Sensitivity', 'probability': 0.2, 'reasoning': "The patient's reported sensitivity to lamotrigine and other medications/supplements indicates a potential underlying issue with medication metabolism or an adverse drug reaction. While not a primary diagnosis, it significantly impacts treatment options for the anxiety and needs to be considered in any future interventions."}]}
2025-07-29 04:22:08,103 - MedicalDiagnosisAgentSystem - INFO - Executing Step 4: Clarifying Questions
2025-07-29 04:22:09,468 - MedicalDiagnosisAgentSystem - INFO - Generated Clarifying Questions: {'questions': [{'question': 'Have you noticed any specific triggers or situations that tend to worsen your anxiety?', 'reasoning': 'Identifying triggers can help differentiate between generalized anxiety and specific phobias or situational anxiety, informing potential non-pharmacological management strategies.'}, {'question': "Beyond the reaction to lamotrigine, can you describe any other specific reactions you've had to medications or supplements?", 'reasoning': "Understanding the range and nature of medication sensitivities can help determine if there's a pattern or common ingredient causing the reactions, which is important for avoiding future adverse events."}]}
2025-07-29 04:22:09,469 - MedicalDiagnosisAgentSystem - INFO - Simulated User Answers: {'Have you noticed any specific triggers or situations that tend to worsen your anxiety?': 'Simulated answer 1', "Beyond the reaction to lamotrigine, can you describe any other specific reactions you've had to medications or supplements?": 'Simulated answer 2'}
2025-07-29 04:22:09,470 - MedicalDiagnosisAgentSystem - INFO - Executing Step 5: Hypothesis Refinement
2025-07-29 04:22:11,212 - MedicalDiagnosisAgentSystem - INFO - Refined Diagnosis: {'hypotheses': [{'condition': 'Anxiety Disorder', 'probability': 0.8, 'reasoning': 'The patient reports extreme anxiety, which is the primary symptom of anxiety disorders. Given the sensitivity to medications like lamotrigine, and the explicit statement that the patient cannot use medication for anxiety, this suggests a need to explore non-pharmacological interventions for managing the anxiety.'}, {'condition': 'Medication Sensitivity', 'probability': 0.2, 'reasoning': "The patient's reported sensitivity to lamotrigine and other medications/supplements indicates a potential underlying issue with medication metabolism or an adverse drug reaction. While not a primary diagnosis, it significantly impacts treatment options for the anxiety and needs to be considered in any future interventions."}], 'refinement_summary': "The patient's answers regarding triggers and other medication reactions did not provide enough new information to significantly alter the probabilities of the diagnoses."}
2025-07-29 04:22:11,213 - MedicalDiagnosisAgentSystem - INFO - Executing Step 6: Final Diagnosis
2025-07-29 04:22:13,455 - MedicalDiagnosisAgentSystem - INFO - Final Diagnosis: {'primary_diagnosis': 'Anxiety Disorder', 'confidence_score': 0.8, 'final_summary': "Based on the information you provided, the most likely condition is Anxiety Disorder. You initially reported experiencing extreme anxiety. Further questioning about triggers and medication sensitivities helped to refine the diagnosis. While a sensitivity to medications like lamotrigine was noted, the primary concern remains the high level of anxiety you're experiencing. Given your aversion to medication, exploring non-pharmacological interventions is crucial.", 'next_steps': ['Consult a doctor for a formal diagnosis and to discuss non-pharmacological treatment options for anxiety, such as therapy or lifestyle changes.', 'Consider allergy testing to determine the cause of medication sensitivities.', 'Monitor your anxiety levels and note any specific triggers to discuss with your doctor.'], 'disclaimer': 'This is an AI-generated assessment and should not be considered a substitute for professional medical advice. Always consult with a qualified healthcare provider for diagnosis and treatment.'} with confidence 0.8
2025-07-29 04:22:13,455 - MedicalDiagnosisAgentSystem - INFO - Executing Step 7: Treatment Plan
2025-07-29 04:22:16,434 - MedicalDiagnosisAgentSystem - INFO - Generated Treatment Plan: {'condition': 'Anxiety Disorder', 'suggestions': [{'suggestion': 'Practice regular physical activity, such as walking, jogging, or yoga, to help reduce anxiety.', 'category': 'Lifestyle'}, {'suggestion': 'Maintain a healthy diet rich in fruits, vegetables, and whole grains.', 'category': 'Lifestyle'}, {'suggestion': 'Ensure you get adequate sleep, aiming for 7-9 hours per night.', 'category': 'Lifestyle'}, {'suggestion': 'Practice relaxation techniques such as deep breathing exercises or meditation.', 'category': 'Home Care'}, {'suggestion': 'Limit caffeine and alcohol intake, as these can exacerbate anxiety symptoms.', 'category': 'Home Care'}, {'suggestion': 'Engage in hobbies and activities you enjoy to help distract from anxious thoughts.', 'category': 'Home Care'}, {'suggestion': 'Consult a doctor if anxiety symptoms persist or worsen despite lifestyle changes.', 'category': 'When to See a Doctor'}, {'suggestion': 'Seek professional help if anxiety interferes with daily activities, work, or relationships.', 'category': 'When to See a Doctor'}, {'suggestion': 'Consider therapy or counseling to learn coping mechanisms and strategies for managing anxiety.', 'category': 'When to See a Doctor'}], 'important_note': 'This information is intended as a general guide and does not replace a consultation with a healthcare professional. Always consult with a qualified doctor for a personalized treatment plan.'}
2025-07-29 04:22:16,435 - MedicalDiagnosisAgentSystem - INFO - ✅ Diagnosis workflow completed
2025-07-29 04:23:26,699 - MedicalDiagnosisAgentSystem - INFO - 🩺 Starting medical diagnosis for: what should i do for medica sensitivity...
2025-07-29 04:23:26,701 - MedicalDiagnosisAgentSystem - INFO - Executing Step 1: Initial Assessment
2025-07-29 04:23:27,405 - MedicalDiagnosisAgentSystem - INFO - Executing Step 2: Information Gathering
2025-07-29 04:23:28,730 - MedicalDiagnosisAgentSystem - INFO - Generated Search Queries: ['medication sensitivity causes', 'medication sensitivity symptoms', 'medication sensitivity diagnosis', 'medication sensitivity treatment']
2025-07-29 04:23:28,730 - MedicalDiagnosisAgentSystem - INFO - Retrieved 0 documents from the knowledge base.
2025-07-29 04:23:28,731 - MedicalDiagnosisAgentSystem - INFO - Executing Step 3: Hypothesis Generation
2025-07-29 04:23:29,448 - MedicalDiagnosisAgentSystem - INFO - Generated Differential Diagnosis: {'hypotheses': []}
2025-07-29 04:23:29,449 - MedicalDiagnosisAgentSystem - INFO - Executing Step 4: Clarifying Questions
2025-07-29 04:23:30,676 - MedicalDiagnosisAgentSystem - INFO - Generated Clarifying Questions: {'questions': [{'question': 'Can you describe the specific reaction you experience when you are sensitive to a medication?', 'reasoning': 'This helps differentiate between different types of medication sensitivities, such as allergic reactions, side effects, or intolerances.'}, {'question': 'Which medication(s) have you been sensitive to in the past?', 'reasoning': 'Knowing the specific medications involved can help identify patterns or common ingredients that might be causing the sensitivity.'}]}
2025-07-29 04:23:30,676 - MedicalDiagnosisAgentSystem - INFO - Simulated User Answers: {'Can you describe the specific reaction you experience when you are sensitive to a medication?': 'Simulated answer 1', 'Which medication(s) have you been sensitive to in the past?': 'Simulated answer 2'}
2025-07-29 04:23:30,676 - MedicalDiagnosisAgentSystem - INFO - Executing Step 5: Hypothesis Refinement
2025-07-29 04:23:31,391 - MedicalDiagnosisAgentSystem - INFO - Refined Diagnosis: {'hypotheses': [], 'refinement_summary': "Since there was no previous differential diagnosis, I cannot refine it based on the patient's answers. A new differential diagnosis is needed."}
2025-07-29 04:23:31,392 - MedicalDiagnosisAgentSystem - INFO - Executing Step 6: Final Diagnosis
2025-07-29 04:23:33,337 - MedicalDiagnosisAgentSystem - INFO - Final Diagnosis: {'primary_diagnosis': 'Undetermined', 'confidence_score': 0.0, 'final_summary': 'I am unable to provide a diagnosis because I do not have enough information. Please seek medical attention.', 'next_steps': ['Consult a doctor for a formal diagnosis'], 'disclaimer': 'I am an AI and this is not a real medical diagnosis. Please consult with a doctor for a formal diagnosis.'} with confidence 0.0
2025-07-29 04:23:33,338 - MedicalDiagnosisAgentSystem - INFO - Executing Step 7: Treatment Plan
2025-07-29 04:23:34,260 - MedicalDiagnosisAgentSystem - INFO - Generated Treatment Plan: {'condition': 'Undetermined', 'suggestions': [], 'important_note': 'This information is intended as a general guide and does not replace a consultation with a healthcare professional. Always consult with a doctor for a proper diagnosis and personalized treatment plan.'}
2025-07-29 04:23:34,260 - MedicalDiagnosisAgentSystem - INFO - ✅ Diagnosis workflow completed
