2025-08-01 03:50:43,973 - MedicalDiagnosisAgentSystem - INFO - 🤖 Initializing medical diagnosis agents...
2025-08-01 03:50:44,046 - MedicalDiagnosisAgentSystem - INFO - ✅ All agents initialized
2025-08-01 03:50:44,046 - MedicalDiagnosisAgentSystem - INFO - 🔄 Setting up diagnosis workflow...
2025-08-01 03:50:44,060 - MedicalDiagnosisAgentSystem - INFO - ✅ Workflow setup complete

2025-08-01 03:53:18,550 - MedicalDiagnosisAgentSystem - INFO - 🩺 Starting medical diagnosis for: DRESS treatent...
2025-08-01 03:53:18,554 - MedicalDiagnosisAgentSystem - INFO - Executing Step 1: Initial Assessment
2025-08-01 03:53:19,352 - MedicalDiagnosisAgentSystem - INFO - Executing Step 2: Information Gathering
2025-08-01 03:53:20,041 - MedicalDiagnosisAgentSystem - INFO - Generated Search Queries: []
2025-08-01 03:53:20,041 - MedicalDiagnosisAgentSystem - INFO - Retrieved 0 documents from the knowledge base.
2025-08-01 03:53:20,043 - MedicalDiagnosisAgentSystem - INFO - Executing Step 3: Hypothesis Generation
2025-08-01 03:53:20,568 - MedicalDiagnosisAgentSystem - INFO - Generated Differential Diagnosis: {'hypotheses': []}
2025-08-01 03:53:20,569 - MedicalDiagnosisAgentSystem - INFO - Executing Step 4: Clarifying Questions
2025-08-01 03:53:22,548 - MedicalDiagnosisAgentSystem - INFO - Generated Clarifying Questions: {'questions': [{'question': 'Could you describe any specific medications you are currently taking, including over-the-counter drugs and supplements?', 'reasoning': 'DRESS syndrome is often triggered by medications, so identifying potential causative agents is crucial.'}, {'question': 'Have you noticed any skin changes, such as a rash, blistering, or peeling?', 'reasoning': 'Skin involvement is a hallmark of DRESS syndrome, and characterizing the type and extent of skin manifestations can help confirm the diagnosis.'}, {'question': 'Have you experienced any fever, swollen lymph nodes, or internal organ involvement (e.g., liver, kidneys, lungs)?', 'reasoning': 'DRESS syndrome typically involves systemic symptoms beyond the skin, and assessing these can help differentiate it from other drug reactions.'}]}
2025-08-01 03:53:22,549 - MedicalDiagnosisAgentSystem - INFO - Simulated User Answers: {'Could you describe any specific medications you are currently taking, including over-the-counter drugs and supplements?': 'Simulated answer 1', 'Have you noticed any skin changes, such as a rash, blistering, or peeling?': 'Simulated answer 2', 'Have you experienced any fever, swollen lymph nodes, or internal organ involvement (e.g., liver, kidneys, lungs)?': 'Simulated answer 3'}
2025-08-01 03:53:22,550 - MedicalDiagnosisAgentSystem - INFO - Executing Step 5: Hypothesis Refinement
2025-08-01 03:53:23,469 - MedicalDiagnosisAgentSystem - INFO - Refined Diagnosis: {'hypotheses': [], 'refinement_summary': "Since there were no prior hypotheses, and the patient's answers are simulated and do not point to any specific condition, I cannot generate a refined differential diagnosis."}
2025-08-01 03:53:23,470 - MedicalDiagnosisAgentSystem - INFO - Executing Step 6: Final Diagnosis
2025-08-01 03:53:24,738 - MedicalDiagnosisAgentSystem - INFO - Final Diagnosis: {'primary_diagnosis': 'Undetermined', 'confidence_score': 0.1, 'final_summary': 'Based on the information provided, I am unable to determine a specific diagnosis. The lack of initial symptoms and clarifying information prevents me from forming a clear conclusion. It is important to seek professional medical evaluation for an accurate assessment.', 'next_steps': ['Consult a doctor for a formal diagnosis and further evaluation.'], 'disclaimer': 'I am an AI and this is not a real medical diagnosis. Please consult with a medical professional for proper diagnosis and treatment.'} with confidence 0.1
2025-08-01 03:53:24,739 - MedicalDiagnosisAgentSystem - INFO - Executing Step 7: Treatment Plan
2025-08-01 03:53:26,192 - MedicalDiagnosisAgentSystem - INFO - Generated Treatment Plan: {'condition': 'Undetermined Diagnosis', 'suggestions': [{'suggestion': 'Consult a doctor for a comprehensive evaluation to determine the cause of your symptoms.', 'category': 'When to See a Doctor'}, {'suggestion': 'Keep a detailed record of your symptoms, including their frequency, duration, and any triggers.', 'category': 'Monitoring'}, {'suggestion': 'Follow up with any recommended medical tests or specialist referrals.', 'category': 'General Advice'}], 'important_note': 'This information is intended as a general guide and does not replace a consultation with a healthcare professional. Always consult with a doctor for a proper diagnosis and personalized treatment plan.'}
2025-08-01 03:53:26,193 - MedicalDiagnosisAgentSystem - INFO - ✅ Diagnosis workflow completed
