2025-08-03 01:20:52,672 - MedicalDiagnosisAgentSystem - INFO - 🤖 Initializing medical diagnosis agents...
2025-08-03 01:20:52,737 - MedicalDiagnosisAgentSystem - INFO - ✅ All agents initialized
2025-08-03 01:20:52,737 - MedicalDiagnosisAgentSystem - INFO - 🔄 Setting up diagnosis workflow...
2025-08-03 01:20:52,749 - MedicalDiagnosisAgentSystem - INFO - ✅ Workflow setup complete

2025-08-03 02:24:53,064 - MedicalDiagnosisAgentSystem - INFO - 🩺 Starting medical diagnosis for: extreme magnesium deficiency...
2025-08-03 02:24:53,070 - MedicalDiagnosisAgentSystem - INFO - Executing Step 1: Initial Assessment
2025-08-03 02:24:53,957 - MedicalDiagnosisAgentSystem - INFO - Executing Step 2: Information Gathering
2025-08-03 02:24:55,006 - MedicalDiagnosisAgentSystem - INFO - Generated Search Queries: ['symptoms of magnesium deficiency', 'health conditions related to magnesium deficiency', 'magnesium deficiency diagnosis criteria', 'long term effects of magnesium deficiency']
2025-08-03 02:24:55,007 - MedicalDiagnosisAgentSystem - INFO - Retrieved 0 documents from the knowledge base.
2025-08-03 02:24:55,007 - MedicalDiagnosisAgentSystem - INFO - Executing Step 3: Hypothesis Generation
2025-08-03 02:24:55,799 - MedicalDiagnosisAgentSystem - INFO - Generated Differential Diagnosis: {'hypotheses': [{'condition': 'Magnesium Deficiency', 'probability': 1.0, 'reasoning': 'Patient reports extreme magnesium deficiency, indicating a high likelihood of this condition.'}]}
2025-08-03 02:24:55,800 - MedicalDiagnosisAgentSystem - INFO - Executing Step 4: Clarifying Questions
2025-08-03 02:24:57,369 - MedicalDiagnosisAgentSystem - INFO - Generated Clarifying Questions: {'questions': [{'question': 'Besides the feeling of magnesium deficiency, have you experienced any muscle cramps, twitches, or tremors?', 'reasoning': 'Muscle-related symptoms are common in magnesium deficiency and help to confirm the diagnosis.'}, {'question': 'Have you noticed any changes in your heart rhythm, such as palpitations or irregular heartbeats?', 'reasoning': 'Magnesium deficiency can affect heart function, so this question helps assess the severity of the deficiency.'}, {'question': 'Have you had any blood tests to confirm the magnesium deficiency, and if so, what were the results?', 'reasoning': 'Objective lab results are important to confirm the diagnosis and rule out other potential causes.'}]}
2025-08-03 02:24:57,369 - MedicalDiagnosisAgentSystem - INFO - Simulated User Answers: {'Besides the feeling of magnesium deficiency, have you experienced any muscle cramps, twitches, or tremors?': 'Simulated answer 1', 'Have you noticed any changes in your heart rhythm, such as palpitations or irregular heartbeats?': 'Simulated answer 2', 'Have you had any blood tests to confirm the magnesium deficiency, and if so, what were the results?': 'Simulated answer 3'}
2025-08-03 02:24:57,370 - MedicalDiagnosisAgentSystem - INFO - Executing Step 5: Hypothesis Refinement
2025-08-03 02:24:58,463 - MedicalDiagnosisAgentSystem - INFO - Refined Diagnosis: {'hypotheses': [{'condition': 'Magnesium Deficiency', 'probability': 1.0, 'reasoning': 'Patient reports extreme magnesium deficiency, indicating a high likelihood of this condition.'}], 'refinement_summary': "The patient's answers to clarifying questions regarding muscle cramps, heart rhythm changes, and blood test results are not available, so the probability remains unchanged."}
2025-08-03 02:24:58,464 - MedicalDiagnosisAgentSystem - INFO - Executing Step 6: Final Diagnosis
2025-08-03 02:25:00,203 - MedicalDiagnosisAgentSystem - INFO - Final Diagnosis: {'primary_diagnosis': 'Magnesium Deficiency', 'confidence_score': 1.0, 'final_summary': 'Based on the information provided, the primary symptom reported is extreme magnesium deficiency. While clarifying questions about muscle cramps, heart rhythm changes, and blood test results could provide further insights, the current information strongly suggests Magnesium Deficiency as the most likely condition.', 'next_steps': ['Consult a doctor for a formal diagnosis and to discuss treatment options.', 'Discuss potential dietary changes or supplements with your doctor.', 'Undergo a thorough medical evaluation to rule out any underlying causes of magnesium deficiency.'], 'disclaimer': 'This is an AI-generated assessment and should not be considered a substitute for professional medical advice. Always consult with a qualified healthcare provider for diagnosis and treatment.'} with confidence 1.0
2025-08-03 02:25:00,204 - MedicalDiagnosisAgentSystem - INFO - Executing Step 7: Treatment Plan
2025-08-03 02:25:02,334 - MedicalDiagnosisAgentSystem - INFO - Generated Treatment Plan: {'condition': 'Magnesium Deficiency', 'suggestions': [{'suggestion': 'Consume magnesium-rich foods such as leafy green vegetables, nuts, seeds, and whole grains.', 'category': 'Lifestyle'}, {'suggestion': 'Stay hydrated by drinking plenty of water throughout the day.', 'category': 'Lifestyle'}, {'suggestion': 'Consider taking Epsom salt baths, as magnesium can be absorbed through the skin.', 'category': 'Home Care'}, {'suggestion': 'Reduce or eliminate processed foods, sugary drinks, and excessive caffeine or alcohol intake, as these can deplete magnesium levels.', 'category': 'Home Care'}, {'suggestion': 'Consult a doctor for a blood test to confirm magnesium deficiency and rule out underlying causes.', 'category': 'When to See a Doctor'}, {'suggestion': 'Seek medical advice before starting any magnesium supplements, especially if you have kidney problems or are taking other medications.', 'category': 'When to See a Doctor'}, {'suggestion': 'If you experience severe symptoms such as muscle spasms, heart palpitations, or seizures, seek immediate medical attention.', 'category': 'When to See a Doctor'}], 'important_note': 'This information is intended as a general guide and does not replace professional medical advice. Always consult with a healthcare provider for diagnosis and treatment.'}
2025-08-03 02:25:02,335 - MedicalDiagnosisAgentSystem - INFO - ✅ Diagnosis workflow completed
