2025-08-01 03:01:07,462 - MedicalDiagnosisAgentSystem - INFO - 🤖 Initializing medical diagnosis agents...
2025-08-01 03:01:07,530 - MedicalDiagnosisAgentSystem - INFO - ✅ All agents initialized
2025-08-01 03:01:07,530 - MedicalDiagnosisAgentSystem - INFO - 🔄 Setting up diagnosis workflow...
2025-08-01 03:01:07,543 - MedicalDiagnosisAgentSystem - INFO - ✅ Workflow setup complete

2025-08-01 03:01:13,312 - MedicalDiagnosisAgentSystem - INFO - 🩺 Starting medical diagnosis for: treatment for DRESS...
2025-08-01 03:01:13,321 - MedicalDiagnosisAgentSystem - INFO - Executing Step 1: Initial Assessment
2025-08-01 03:01:14,680 - MedicalDiagnosisAgentSystem - INFO - Executing Step 2: Information Gathering
2025-08-01 03:01:15,271 - MedicalDiagnosisAgentSystem - INFO - Generated Search Queries: ['DRESS syndrome diagnostic criteria', 'DRESS syndrome causes', 'DRESS syndrome symptoms', 'DRESS syndrome treatment']
2025-08-01 03:01:15,272 - MedicalDiagnosisAgentSystem - INFO - Retrieved 0 documents from the knowledge base.
2025-08-01 03:01:15,272 - MedicalDiagnosisAgentSystem - INFO - Executing Step 3: Hypothesis Generation
2025-08-01 03:01:16,420 - MedicalDiagnosisAgentSystem - INFO - Generated Differential Diagnosis: {'hypotheses': [{'condition': 'DRESS syndrome', 'probability': 0.95, 'reasoning': 'The patient presents with DRESS (Drug Reaction with Eosinophilia and Systemic Symptoms), which is the defining characteristic of DRESS syndrome. This strongly suggests DRESS syndrome as the primary diagnosis.'}]}
2025-08-01 03:01:16,424 - MedicalDiagnosisAgentSystem - INFO - Executing Step 4: Clarifying Questions
2025-08-01 03:01:17,747 - MedicalDiagnosisAgentSystem - INFO - Generated Clarifying Questions: {'questions': [{'question': 'Have you noticed any skin changes, such as a rash or peeling skin?', 'reasoning': 'Skin involvement is a key feature of DRESS syndrome and helps to confirm the diagnosis and assess its severity.'}, {'question': 'Have you experienced any swelling, particularly in your face, lymph nodes, or other parts of your body?', 'reasoning': 'Swelling, especially lymphadenopathy, is a common systemic symptom in DRESS syndrome.'}]}
2025-08-01 03:01:17,747 - MedicalDiagnosisAgentSystem - INFO - Simulated User Answers: {'Have you noticed any skin changes, such as a rash or peeling skin?': 'Simulated answer 1', 'Have you experienced any swelling, particularly in your face, lymph nodes, or other parts of your body?': 'Simulated answer 2'}
2025-08-01 03:01:17,748 - MedicalDiagnosisAgentSystem - INFO - Executing Step 5: Hypothesis Refinement
2025-08-01 03:01:19,042 - MedicalDiagnosisAgentSystem - INFO - Refined Diagnosis: {'hypotheses': [{'condition': 'DRESS syndrome', 'probability': 0.95, 'reasoning': 'The patient presents with DRESS (Drug Reaction with Eosinophilia and Systemic Symptoms), which is the defining characteristic of DRESS syndrome. This strongly suggests DRESS syndrome as the primary diagnosis.'}], 'refinement_summary': 'No new information was provided, so the probability of DRESS syndrome remains high.'}
2025-08-01 03:01:19,043 - MedicalDiagnosisAgentSystem - INFO - Executing Step 6: Final Diagnosis
2025-08-01 03:01:20,922 - MedicalDiagnosisAgentSystem - INFO - Final Diagnosis: {'primary_diagnosis': 'DRESS syndrome', 'confidence_score': 0.95, 'final_summary': "Based on the information provided, the most likely diagnosis is DRESS syndrome (Drug Reaction with Eosinophilia and Systemic Symptoms). The patient's presentation with DRESS, which is the defining characteristic of DRESS syndrome, strongly supports this diagnosis. While no new information altered the initial assessment, the high probability suggests that DRESS syndrome is the most probable condition.", 'next_steps': ['Consult a doctor for a formal diagnosis and to discuss treatment options.', 'Discontinue any newly started medications that may be causing the reaction.', 'Monitor symptoms closely and seek immediate medical attention if they worsen.'], 'disclaimer': 'This is an AI-generated assessment and not a substitute for professional medical advice. A real doctor should be consulted for any medical concerns.'} with confidence 0.95
2025-08-01 03:01:20,923 - MedicalDiagnosisAgentSystem - INFO - Executing Step 7: Treatment Plan
2025-08-01 03:01:23,075 - MedicalDiagnosisAgentSystem - INFO - Generated Treatment Plan: {'condition': 'DRESS syndrome', 'suggestions': [{'suggestion': 'Avoid known triggers, such as certain medications, once identified.', 'category': 'Lifestyle'}, {'suggestion': 'Keep the skin clean and moisturized to prevent secondary infections.', 'category': 'Home Care'}, {'suggestion': 'Use cool compresses or lukewarm baths to relieve skin irritation and itching.', 'category': 'Home Care'}, {'suggestion': 'Monitor body temperature regularly for fever.', 'category': 'Monitoring'}, {'suggestion': 'Observe for any signs of worsening symptoms, such as increased skin rash, difficulty breathing, or swelling.', 'category': 'Monitoring'}, {'suggestion': 'Seek immediate medical attention if you experience difficulty breathing, chest pain, or severe blistering of the skin.', 'category': 'When to See a Doctor'}, {'suggestion': 'Consult a doctor immediately if you suspect a drug reaction, especially if accompanied by fever, rash, and systemic symptoms.', 'category': 'When to See a Doctor'}], 'important_note': 'This information is intended as a general guide and does not replace a consultation with a qualified healthcare professional. Always consult with your doctor for personalized medical advice and treatment.'}
2025-08-01 03:01:23,077 - MedicalDiagnosisAgentSystem - INFO - ✅ Diagnosis workflow completed
